// Jest Snapshot v1, https://goo.gl/fbAQLP

exports[`Queries fetches list of users 1`] = `
Object {
  "data": Object {
    "user": null,
  },
  "errors": Array [
    [GraphQLError: Cannot read property 'user' of undefined],
  ],
  "extensions": undefined,
  "http": Object {
    "headers": Headers {
      Symbol(map): Object {},
    },
  },
}
`;
